src/components/sections/Services.tsx(51,10): error TS2554: Expected 3-4 arguments, but got 2.
src/components/sections/Services.tsx(56,44): error TS2339: Property 'targets' does not exist on type 'Number | TweenVars'.
  Property 'targets' does not exist on type 'Number'.
src/components/sections/Services.tsx(162,32): error TS2554: Expected 0 arguments, but got 1.
